     SSSSS       JJJJJJJJJ   TTTTTTTTT   UUU      UU
   SSSS SSS         JJJ         TTT      UU      UUU
   SS    SS         JJ          TT       UU      UU
   SSS              JJ          TT      UU       UU
    SSSSS           JJ          TT      UU      UU
      SSS           JJ         TTT      UU      UU
        SS         JJJ         TT       UU     UU
  SSS SSS      JJ  JJ          TT        UU   UU
   SSSSS       JJJJJ          TTT        UUUUUU
1
18
2 8
0,0,0,0,0,0,0,1,4
